../Core/Src/AT24CM01_Eeprom.c:13:19:EEPROM_WriteByte	24	static
../Core/Src/AT24CM01_Eeprom.c:24:19:EEPROM_ReadByte	24	static
../Core/Src/AT24CM01_Eeprom.c:40:19:EEPROM_WritePage	280	static
../Core/Src/AT24CM01_Eeprom.c:54:19:EEPROM_Write_Config	40	static
../Core/Src/AT24CM01_Eeprom.c:80:19:EEPROM_Read_Config	40	static
../Core/Src/AT24CM01_Eeprom.c:104:19:WaitForEEPROM	8	static
../Core/Src/AT24CM01_Eeprom.c:111:6:cpy_reg_to_eeprom_reg	0	static
../Core/Src/AT24CM01_Eeprom.c:164:6:Save_Config_To_Eeprom	8	static
../Core/Src/AT24CM01_Eeprom.c:179:6:Load_Default_Config	16	static
../Core/Src/AT24CM01_Eeprom.c:248:6:Unstick_I2C_Bus	40	static
