../Core/Src/Detector_Modbus.c:203:6:Modbus_Restart_RX_DMA_DTC	8	static
../Core/Src/Detector_Modbus.c:212:6:Modbus_Master_Poll_Dtc	16	static
../Core/Src/Detector_Modbus.c:230:6:detector_write_single_register	16	static
../Core/Src/Detector_Modbus.c:251:6:detector_write_multiple_registers	24	static
../Core/Src/Detector_Modbus.c:283:6:Modbus_Process_Request_dtc	16	static
../Core/Src/Detector_Modbus.c:343:6:USART2_Start_RX	24	static
../Core/Src/Detector_Modbus.c:388:6:DTC_UART_ReInit	8	static
../Core/Src/Detector_Modbus.c:48:6:modbus_task_dtc	16	static
