../Core/Src/fatfs_sd.c:180:17:get_write_count	0	static
../Core/Src/fatfs_sd.c:544:13:SD_PowerOff	0	static
../Core/Src/fatfs_sd.c:550:16:SD_CheckPower	0	static
../Core/Src/fatfs_sd.c:89:13:SPI_TxBuffer	8	static
../Core/Src/fatfs_sd.c:82:13:SPI_TxByte	16	static
../Core/Src/fatfs_sd.c:68:13:SELECT	8	static
../Core/Src/fatfs_sd.c:75:13:DESELECT	8	static
../Core/Src/fatfs_sd.c:96:16:SPI_RxByte	24	static
../Core/Src/fatfs_sd.c:506:13:SD_PowerOn	16	static
../Core/Src/fatfs_sd.c:490:16:SD_ReadyWait	8	static
../Core/Src/fatfs_sd.c:628:13:SD_SendCmd	16	static
../Core/Src/fatfs_sd.c:108:13:SPI_RxBytePtr	8	static
../Core/Src/fatfs_sd.c:556:13:SD_RxDataBlock	16	static
../Core/Src/fatfs_sd.c:586:13:SD_TxDataBlock	16	static
../Core/Src/fatfs_sd.c:62:10:Index_Checksum	0	static
../Core/Src/fatfs_sd.c:127:6:create_file	40	static
../Core/Src/fatfs_sd.c:364:9:Logger_SaveIndex	24	static
../Core/Src/fatfs_sd.c:185:16:SaveRecoveredIndex	8	static
../Core/Src/fatfs_sd.c:206:9:Logger_RecoverIndex	608	static
../Core/Src/fatfs_sd.c:297:9:Logger_LoadIndex	632	static
../Core/Src/fatfs_sd.c:394:9:Logger_WriteRecord	24	static
../Core/Src/fatfs_sd.c:117:6:sd_card_operations	8	static
../Core/Src/fatfs_sd.c:434:9:Logger_ReadRecord	24	static
../Core/Src/fatfs_sd.c:473:9:Logger_ReadRecord_Open	24	static
../Core/Src/fatfs_sd.c:667:9:SD_disk_initialize	24	static
../Core/Src/fatfs_sd.c:767:9:SD_disk_status	0	static
../Core/Src/fatfs_sd.c:774:9:SD_disk_read	16	static
../Core/Src/fatfs_sd.c:816:9:SD_disk_write	16	static
../Core/Src/fatfs_sd.c:871:9:SD_disk_ioctl	40	static
../Core/Src/fatfs_sd.c:1013:6:modbus_task_sd	16	static
../Core/Src/fatfs_sd.c:968:6:sd_task	8	static
../Core/Src/fatfs_sd.c:1084:6:open_files	8	static
