../Core/Src/fatfs_sd.c:475:13:SD_PowerOff	0	static
../Core/Src/fatfs_sd.c:481:16:SD_CheckPower	0	static
../Core/Src/fatfs_sd.c:44:13:SELECT	8	static
../Core/Src/fatfs_sd.c:51:13:DESELECT	8	static
../Core/Src/fatfs_sd.c:65:13:SPI_TxBuffer	8	static
../Core/Src/fatfs_sd.c:58:13:SPI_TxByte	16	static
../Core/Src/fatfs_sd.c:72:16:SPI_RxByte	24	static
../Core/Src/fatfs_sd.c:437:13:SD_PowerOn	16	static
../Core/Src/fatfs_sd.c:421:16:SD_ReadyWait	8	static
../Core/Src/fatfs_sd.c:562:13:SD_SendCmd	16	static
../Core/Src/fatfs_sd.c:84:13:SPI_RxBytePtr	8	static
../Core/Src/fatfs_sd.c:487:13:SD_RxDataBlock	16	static
../Core/Src/fatfs_sd.c:520:13:SD_TxDataBlock	16	static
../Core/Src/fatfs_sd.c:103:6:create_file	600	static
../Core/Src/fatfs_sd.c:195:9:Logger_SaveIndex	576	static
../Core/Src/fatfs_sd.c:164:9:Logger_LoadIndex	576	static
../Core/Src/fatfs_sd.c:213:9:Logger_WriteRecord	584	static
../Core/Src/fatfs_sd.c:93:6:sd_card_operations	8	static
../Core/Src/fatfs_sd.c:269:9:Logger_ReadRecord	584	static
../Core/Src/fatfs_sd.c:326:6:Modbus_FC_10_sd	16	static
../Core/Src/fatfs_sd.c:309:6:modbus_task_sd	8	static
../Core/Src/fatfs_sd.c:359:9:Logger_ExportCSV	1392	static
../Core/Src/fatfs_sd.c:601:9:SD_disk_initialize	24	static
../Core/Src/fatfs_sd.c:701:9:SD_disk_status	0	static
../Core/Src/fatfs_sd.c:708:9:SD_disk_read	16	static
../Core/Src/fatfs_sd.c:750:9:SD_disk_write	16	static
../Core/Src/fatfs_sd.c:805:9:SD_disk_ioctl	40	static
