../Core/Src/Fault_Handler.c:45:6:Buzzer_On	8	static
../Core/Src/Fault_Handler.c:46:6:Buzzer_Off	8	static
../Core/Src/Fault_Handler.c:48:6:LED_Red_On	8	static
../Core/Src/Fault_Handler.c:49:6:LED_Red_Off	8	static
../Core/Src/Fault_Handler.c:50:6:LED_Red_Toggle	8	static
../Core/Src/Fault_Handler.c:52:6:LED_Green_On	8	static
../Core/Src/Fault_Handler.c:53:6:LED_Green_Off	8	static
../Core/Src/Fault_Handler.c:55:6:LED_Yellow_On	8	static
../Core/Src/Fault_Handler.c:56:6:LED_Yellow_Off	8	static
../Core/Src/Fault_Handler.c:57:6:LED_Yellow_Toggle	8	static
../Core/Src/Fault_Handler.c:60:6:Panel_LED_CPM_On	8	static
../Core/Src/Fault_Handler.c:61:6:Panel_LED_CPM_Off	8	static
../Core/Src/Fault_Handler.c:62:6:Panel_LED_uSv_On	8	static
../Core/Src/Fault_Handler.c:63:6:Panel_LED_uSv_Off	8	static
../Core/Src/Fault_Handler.c:64:6:Panel_LED_CPS_On	8	static
../Core/Src/Fault_Handler.c:65:6:Panel_LED_CPS_Off	8	static
../Core/Src/Fault_Handler.c:66:6:Panel_LED_mRh_On	8	static
../Core/Src/Fault_Handler.c:67:6:Panel_LED_mRh_Off	8	static
../Core/Src/Fault_Handler.c:70:6:Relay1_On	8	static
../Core/Src/Fault_Handler.c:71:6:Relay1_Off	8	static
../Core/Src/Fault_Handler.c:74:8:Get_Unit	0	static
../Core/Src/Fault_Handler.c:91:7:Convert_To_uSv	0	static
../Core/Src/Fault_Handler.c:316:6:toggle_buzzer_red_yellow_leds	8	static
../Core/Src/Fault_Handler.c:375:6:Handle_AlarmState	8	static
../Core/Src/Fault_Handler.c:389:6:Handle_HvFailState	8	static
../Core/Src/Fault_Handler.c:398:6:Handle_DtcFailState	8	static
../Core/Src/Fault_Handler.c:407:6:Handle_OverLoadState	8	static
../Core/Src/Fault_Handler.c:422:6:Handle_OverRunState	8	static
../Core/Src/Fault_Handler.c:436:6:Handle_AckState	8	static
../Core/Src/Fault_Handler.c:445:6:Handle_NormalState	8	static
../Core/Src/Fault_Handler.c:355:6:ProcessSystem	8	static
../Core/Src/Fault_Handler.c:108:6:Check_Fault_Conditions	32	static,ignoring_inline_asm
../Core/Src/Fault_Handler.c:454:6:Panel_LED_Off	8	static
../Core/Src/Fault_Handler.c:462:6:monitor_panel_unit_leds	8	static
