../Core/Src/Lcd.c:343:9:unit_is_integer	0	static
../Core/Src/Lcd.c:348:16:get_index_table	0	static
../Core/Src/Lcd.c:362:6:check_calib_fact_change	72	static
../Core/Src/Lcd.c:411:6:calib_factors_hv_write	24	static
../Core/Src/Lcd.c:504:6:verify_tcp_rs485_conf	8	static
../Core/Src/Lcd.c:523:6:dac_config	16	static
../Core/Src/Lcd.c:529:6:Validate_Time_String	4	static
../Core/Src/Lcd.c:548:6:IsLeapYear	0	static
../Core/Src/Lcd.c:554:6:Validate_Date_String	32	static
../Core/Src/Lcd.c:594:9:Get_RTC_WeekDay	8	static
../Core/Src/Lcd.c:621:6:config_rtc	40	static
../Core/Src/Lcd.c:694:6:copy_temp_to_saved_values	8	static
../Core/Src/Lcd.c:676:6:set_configuration	8	static
../Core/Src/Lcd.c:744:6:copy_saved_values_to_temp	56	static
../Core/Src/Lcd.c:1416:6:increment_digit_at_position	0	static
../Core/Src/Lcd.c:1428:6:decrement_digit_at_position	0	static
../Core/Src/Lcd.c:1440:6:load_all_factors	4	static
../Core/Src/Lcd.c:2683:6:getbaudrate_print	0	static
../Core/Src/Lcd.c:2790:6:select_rtc_format_val	8	static
../Core/Src/Lcd.c:3009:6:GetUnitString_print	0	static
../Core/Src/Lcd.c:3090:6:select_lcd_screen	0	static
../Core/Src/Lcd.c:3236:6:build_password_string	0	static
../Core/Src/Lcd.c:3535:6:check_switch_status	8	static
../Core/Src/Lcd.c:3665:6:LCD_SetData	16	static
../Core/Src/Lcd.c:3745:6:LCD_EnablePulse	8	static
../Core/Src/Lcd.c:3677:6:LCD_WriteCmd	16	static
../Core/Src/Lcd.c:3719:6:lcd_set_cursor	8	static
../Core/Src/Lcd.c:3287:6:pwd_sw4_next_digit	8	static
../Core/Src/Lcd.c:3726:6:lcd_cursor_on	8	static
../Core/Src/Lcd.c:842:6:select_hv_val	8	static
../Core/Src/Lcd.c:1737:6:select_4_20_cal_format_val	8	static
../Core/Src/Lcd.c:2818:6:select_alarm_format_val	24	static
../Core/Src/Lcd.c:3730:6:lcd_cursor_off	8	static
../Core/Src/Lcd.c:3740:6:lcd_clear	8	static
../Core/Src/Lcd.c:1211:6:lcd_calibration_menu_init	8	static
../Core/Src/Lcd.c:3696:6:lcd_init	8	static
../Core/Src/Lcd.c:3687:6:lcd_print_char	16	static
../Core/Src/Lcd.c:1448:6:lcd_print_int	16	static
../Core/Src/Lcd.c:3262:6:lcd_update_pwd_digit	8	static
../Core/Src/Lcd.c:3271:6:pwd_sw1_increment	8	static
../Core/Src/Lcd.c:3277:6:pwd_sw2_decrement	8	static
../Core/Src/Lcd.c:3734:6:lcd_print	8	static
../Core/Src/Lcd.c:881:6:lcd_freq_dtc_screen_init	8	static
../Core/Src/Lcd.c:890:6:lcd_freq_dtc_screen	8	static
../Core/Src/Lcd.c:926:6:lcd_freq_recv_screen_init	8	static
../Core/Src/Lcd.c:935:6:lcd_freq_recv_screen	8	static
../Core/Src/Lcd.c:971:6:lcd_read_sd_mode_init	8	static
../Core/Src/Lcd.c:980:6:lcd_read_sd_mode	8	static
../Core/Src/Lcd.c:1016:6:lcd_read_sd_data_init	8	static
../Core/Src/Lcd.c:1025:6:lcd_read_sd_data	8	static
../Core/Src/Lcd.c:1061:6:lcd_audio_mode_screen_init	8	static
../Core/Src/Lcd.c:1070:6:lcd_audio_mode_screen	8	static
../Core/Src/Lcd.c:1106:6:lcd_hv_write_screen_init	8	static
../Core/Src/Lcd.c:1117:6:lcd_hv_write	8	static
../Core/Src/Lcd.c:1148:6:lcd_hv_read_screen_init	8	static
../Core/Src/Lcd.c:1156:6:lcd_hv_read	32	static
../Core/Src/Lcd.c:1313:6:lcd_factor_edit_screen_init	8	static
../Core/Src/Lcd.c:1221:6:lcd_calibration_menu_screen	8	static
../Core/Src/Lcd.c:1334:6:lcd_factor_edit_screen	8	static
../Core/Src/Lcd.c:1394:6:lcd_calibration_screen	8	static
../Core/Src/Lcd.c:1461:6:lcd_save_setting_screen_init	8	static
../Core/Src/Lcd.c:1470:6:lcd_save_setting_screen	8	static
../Core/Src/Lcd.c:1523:6:lcd_modify_password_screen_init	8	static
../Core/Src/Lcd.c:1559:6:lcd_overrange_screen_init	8	static
../Core/Src/Lcd.c:1571:6:lcd_overrange_screen	8	static
../Core/Src/Lcd.c:1608:6:lcd_overload_screen_init	8	static
../Core/Src/Lcd.c:1620:6:lcd_overload_screen	8	static
../Core/Src/Lcd.c:1657:6:lcd_4_20_max_cal_screen_init	8	static
../Core/Src/Lcd.c:1668:6:lcd_4_20_max_cal_screen	8	static
../Core/Src/Lcd.c:1697:6:lcd_4_20_min_cal_screen_init	8	static
../Core/Src/Lcd.c:1708:6:lcd_4_20_min_cal_screen	8	static
../Core/Src/Lcd.c:1776:6:lcd_4_20_min_screen_init	8	static
../Core/Src/Lcd.c:1788:6:lcd_4_20_min_screen	8	static
../Core/Src/Lcd.c:1825:6:lcd_4_20_max_screen_init	8	static
../Core/Src/Lcd.c:1837:6:lcd_4_20_max_screen	8	static
../Core/Src/Lcd.c:1874:6:lcd_agm_mode_screen_init	8	static
../Core/Src/Lcd.c:1883:6:lcd_agm_mode_screen	8	static
../Core/Src/Lcd.c:1927:6:select_value	8	static
../Core/Src/Lcd.c:1533:6:lcd_modify_password_screen	8	static
../Core/Src/Lcd.c:1971:6:select_ip_value	8	static
../Core/Src/Lcd.c:2011:6:lcd_ip_edit_screen_pc	16	static
../Core/Src/Lcd.c:2045:6:lcd_ip_edit_screen	16	static
../Core/Src/Lcd.c:2104:6:lcd_numeric_edit_screen_pc	16	static
../Core/Src/Lcd.c:2138:6:lcd_numeric_edit_screen	16	static
../Core/Src/Lcd.c:2187:6:lcd_ethernet_screen_init	8	static
../Core/Src/Lcd.c:2197:6:eth_menu_screen	8	static
../Core/Src/Lcd.c:2263:6:lcd_ethernet_screen	8	static
../Core/Src/Lcd.c:2293:6:lcd_ethernet_screen_init_pc	8	static
../Core/Src/Lcd.c:2303:6:eth_menu_screen_PC	8	static
../Core/Src/Lcd.c:2365:6:lcd_ethernet_screen_PC	8	static
../Core/Src/Lcd.c:2383:6:rtc_menu_screen_init	8	static
../Core/Src/Lcd.c:2392:6:rtc_menu_screen	8	static
../Core/Src/Lcd.c:2452:6:lcd_rtc_date_screen_init	8	static
../Core/Src/Lcd.c:2464:6:rtc_date_screen	8	static
../Core/Src/Lcd.c:2503:6:lcd_rtc_time_screen_init	8	static
../Core/Src/Lcd.c:2515:6:rtc_time_screen	8	static
../Core/Src/Lcd.c:2553:6:lcd_rtc_screen	8	static
../Core/Src/Lcd.c:2569:6:rs485_menu_screen_init	8	static
../Core/Src/Lcd.c:2578:6:rs485_menu_screen	8	static
../Core/Src/Lcd.c:2638:6:rs485_slave_id_screen	8	static
../Core/Src/Lcd.c:2674:6:rs485_baud_rate_screen_init	8	static
../Core/Src/Lcd.c:2698:6:rs485_baud_rate_screen	8	static
../Core/Src/Lcd.c:2758:6:lcd_rs485_screen	8	static
../Core/Src/Lcd.c:2955:6:lcd_alarm_screen_init	8	static
../Core/Src/Lcd.c:2967:6:lcd_alarm_screen	16	static
../Core/Src/Lcd.c:3000:6:lcd_unit_screen_init	8	static
../Core/Src/Lcd.c:3020:6:lcd_unit_screen	8	static
../Core/Src/Lcd.c:3079:6:lcd_setup_menu_screen_init	8	static
../Core/Src/Lcd.c:3121:6:lcd_setup_menu_screen	8	static
../Core/Src/Lcd.c:3209:6:verify_password	8	static
../Core/Src/Lcd.c:3245:6:lcd_password_screen_init	8	static
../Core/Src/Lcd.c:3293:6:lcd_password_screen	8	static
../Core/Src/Lcd.c:3336:6:lcd_home_screen_init	8	static
../Core/Src/Lcd.c:3349:6:lcd_home_screen_update	56	static
../Core/Src/Lcd.c:3495:6:lcd_home_screen	16	static
../Core/Src/Lcd.c:3577:6:system_lcd_screen	8	static
../Core/Src/Lcd.c:3754:6:refresh_lcd	8	static
../Core/Src/Lcd.c:3797:6:display_server_failed_status	8	static
../Core/Src/Lcd.c:3807:6:display_server_wait	8	static
../Core/Src/Lcd.c:3815:6:display_data_writing	8	static
../Core/Src/Lcd.c:3823:6:display_data_writing_done	8	static
../Core/Src/Lcd.c:3833:6:HAL_GPIO_EXTI_Callback	0	static
