../Core/Src/Lcd.c:2745:13:convert_val_to_integer	0	static
../Core/Src/Lcd.c:2753:13:convert_val_to_decimal	0	static
../Core/Src/Lcd.c:342:9:unit_is_integer	0	static
../Core/Src/Lcd.c:347:23:get_index_table	8	static
../Core/Src/Lcd.c:353:6:check_calib_fact_change	40	static
../Core/Src/Lcd.c:382:6:calib_factors_hv_write	24	static
../Core/Src/Lcd.c:475:6:verify_tcp_rs485_conf	8	static
../Core/Src/Lcd.c:494:6:dac_config	16	static
../Core/Src/Lcd.c:500:6:Validate_Time_String	4	static
../Core/Src/Lcd.c:519:6:IsLeapYear	0	static
../Core/Src/Lcd.c:525:6:Validate_Date_String	32	static
../Core/Src/Lcd.c:565:9:Get_RTC_WeekDay	8	static
../Core/Src/Lcd.c:592:6:config_rtc	40	static
../Core/Src/Lcd.c:665:6:copy_temp_to_saved_values	8	static
../Core/Src/Lcd.c:647:6:set_configuration	8	static
../Core/Src/Lcd.c:715:6:copy_saved_values_to_temp	56	static
../Core/Src/Lcd.c:1387:6:increment_digit_at_position	0	static
../Core/Src/Lcd.c:1399:6:decrement_digit_at_position	0	static
../Core/Src/Lcd.c:1411:6:load_all_factors	4	static
../Core/Src/Lcd.c:2654:6:getbaudrate_print	0	static
../Core/Src/Lcd.c:2761:6:select_rtc_format_val	8	static
../Core/Src/Lcd.c:2917:6:GetUnitString_print	0	static
../Core/Src/Lcd.c:2998:6:select_lcd_screen	0	static
../Core/Src/Lcd.c:3144:6:build_password_string	0	static
../Core/Src/Lcd.c:3424:6:check_switch_status	8	static
../Core/Src/Lcd.c:3554:6:LCD_SetData	16	static
../Core/Src/Lcd.c:3634:6:LCD_EnablePulse	8	static
../Core/Src/Lcd.c:3566:6:LCD_WriteCmd	16	static
../Core/Src/Lcd.c:3608:6:lcd_set_cursor	8	static
../Core/Src/Lcd.c:3195:6:pwd_sw4_next_digit	8	static
../Core/Src/Lcd.c:3615:6:lcd_cursor_on	8	static
../Core/Src/Lcd.c:813:6:select_hv_val	8	static
../Core/Src/Lcd.c:1708:6:select_4_20_cal_format_val	8	static
../Core/Src/Lcd.c:2789:6:select_alarm_format_val	32	static
../Core/Src/Lcd.c:3619:6:lcd_cursor_off	8	static
../Core/Src/Lcd.c:3629:6:lcd_clear	8	static
../Core/Src/Lcd.c:1182:6:lcd_calibration_menu_init	8	static
../Core/Src/Lcd.c:3585:6:lcd_init	8	static
../Core/Src/Lcd.c:3576:6:lcd_print_char	16	static
../Core/Src/Lcd.c:1419:6:lcd_print_int	16	static
../Core/Src/Lcd.c:3170:6:lcd_update_pwd_digit	8	static
../Core/Src/Lcd.c:3179:6:pwd_sw1_increment	8	static
../Core/Src/Lcd.c:3185:6:pwd_sw2_decrement	8	static
../Core/Src/Lcd.c:3623:6:lcd_print	8	static
../Core/Src/Lcd.c:852:6:lcd_freq_dtc_screen_init	8	static
../Core/Src/Lcd.c:861:6:lcd_freq_dtc_screen	8	static
../Core/Src/Lcd.c:897:6:lcd_freq_recv_screen_init	8	static
../Core/Src/Lcd.c:906:6:lcd_freq_recv_screen	8	static
../Core/Src/Lcd.c:942:6:lcd_read_sd_mode_init	8	static
../Core/Src/Lcd.c:951:6:lcd_read_sd_mode	8	static
../Core/Src/Lcd.c:987:6:lcd_read_sd_data_init	8	static
../Core/Src/Lcd.c:996:6:lcd_read_sd_data	8	static
../Core/Src/Lcd.c:1032:6:lcd_audio_mode_screen_init	8	static
../Core/Src/Lcd.c:1041:6:lcd_audio_mode_screen	8	static
../Core/Src/Lcd.c:1077:6:lcd_hv_write_screen_init	8	static
../Core/Src/Lcd.c:1088:6:lcd_hv_write	8	static
../Core/Src/Lcd.c:1119:6:lcd_hv_read_screen_init	8	static
../Core/Src/Lcd.c:1127:6:lcd_hv_read	32	static
../Core/Src/Lcd.c:1284:6:lcd_factor_edit_screen_init	8	static
../Core/Src/Lcd.c:1192:6:lcd_calibration_menu_screen	8	static
../Core/Src/Lcd.c:1305:6:lcd_factor_edit_screen	8	static
../Core/Src/Lcd.c:1365:6:lcd_calibration_screen	8	static
../Core/Src/Lcd.c:1432:6:lcd_save_setting_screen_init	8	static
../Core/Src/Lcd.c:1441:6:lcd_save_setting_screen	8	static
../Core/Src/Lcd.c:1494:6:lcd_modify_password_screen_init	8	static
../Core/Src/Lcd.c:1530:6:lcd_overrange_screen_init	8	static
../Core/Src/Lcd.c:1542:6:lcd_overrange_screen	8	static
../Core/Src/Lcd.c:1579:6:lcd_overload_screen_init	8	static
../Core/Src/Lcd.c:1591:6:lcd_overload_screen	8	static
../Core/Src/Lcd.c:1628:6:lcd_4_20_max_cal_screen_init	8	static
../Core/Src/Lcd.c:1639:6:lcd_4_20_max_cal_screen	8	static
../Core/Src/Lcd.c:1668:6:lcd_4_20_min_cal_screen_init	8	static
../Core/Src/Lcd.c:1679:6:lcd_4_20_min_cal_screen	8	static
../Core/Src/Lcd.c:1747:6:lcd_4_20_min_screen_init	8	static
../Core/Src/Lcd.c:1759:6:lcd_4_20_min_screen	8	static
../Core/Src/Lcd.c:1796:6:lcd_4_20_max_screen_init	8	static
../Core/Src/Lcd.c:1808:6:lcd_4_20_max_screen	8	static
../Core/Src/Lcd.c:1845:6:lcd_agm_mode_screen_init	8	static
../Core/Src/Lcd.c:1854:6:lcd_agm_mode_screen	8	static
../Core/Src/Lcd.c:1898:6:select_value	8	static
../Core/Src/Lcd.c:1504:6:lcd_modify_password_screen	8	static
../Core/Src/Lcd.c:1942:6:select_ip_value	8	static
../Core/Src/Lcd.c:1982:6:lcd_ip_edit_screen_pc	16	static
../Core/Src/Lcd.c:2016:6:lcd_ip_edit_screen	16	static
../Core/Src/Lcd.c:2075:6:lcd_numeric_edit_screen_pc	16	static
../Core/Src/Lcd.c:2109:6:lcd_numeric_edit_screen	16	static
../Core/Src/Lcd.c:2158:6:lcd_ethernet_screen_init	8	static
../Core/Src/Lcd.c:2168:6:eth_menu_screen	8	static
../Core/Src/Lcd.c:2234:6:lcd_ethernet_screen	8	static
../Core/Src/Lcd.c:2264:6:lcd_ethernet_screen_init_pc	8	static
../Core/Src/Lcd.c:2274:6:eth_menu_screen_PC	8	static
../Core/Src/Lcd.c:2336:6:lcd_ethernet_screen_PC	8	static
../Core/Src/Lcd.c:2354:6:rtc_menu_screen_init	8	static
../Core/Src/Lcd.c:2363:6:rtc_menu_screen	8	static
../Core/Src/Lcd.c:2423:6:lcd_rtc_date_screen_init	8	static
../Core/Src/Lcd.c:2435:6:rtc_date_screen	8	static
../Core/Src/Lcd.c:2474:6:lcd_rtc_time_screen_init	8	static
../Core/Src/Lcd.c:2486:6:rtc_time_screen	8	static
../Core/Src/Lcd.c:2524:6:lcd_rtc_screen	8	static
../Core/Src/Lcd.c:2540:6:rs485_menu_screen_init	8	static
../Core/Src/Lcd.c:2549:6:rs485_menu_screen	8	static
../Core/Src/Lcd.c:2609:6:rs485_slave_id_screen	8	static
../Core/Src/Lcd.c:2645:6:rs485_baud_rate_screen_init	8	static
../Core/Src/Lcd.c:2669:6:rs485_baud_rate_screen	8	static
../Core/Src/Lcd.c:2729:6:lcd_rs485_screen	8	static
../Core/Src/Lcd.c:2863:6:lcd_alarm_screen_init	8	static
../Core/Src/Lcd.c:2875:6:lcd_alarm_screen	16	static
../Core/Src/Lcd.c:2908:6:lcd_unit_screen_init	8	static
../Core/Src/Lcd.c:2928:6:lcd_unit_screen	8	static
../Core/Src/Lcd.c:2987:6:lcd_setup_menu_screen_init	8	static
../Core/Src/Lcd.c:3029:6:lcd_setup_menu_screen	8	static
../Core/Src/Lcd.c:3117:6:verify_password	8	static
../Core/Src/Lcd.c:3153:6:lcd_password_screen_init	8	static
../Core/Src/Lcd.c:3201:6:lcd_password_screen	8	static
../Core/Src/Lcd.c:3244:6:lcd_home_screen_init	8	static
../Core/Src/Lcd.c:3257:6:lcd_home_screen_update	72	static
../Core/Src/Lcd.c:3384:6:lcd_home_screen	16	static
../Core/Src/Lcd.c:3466:6:system_lcd_screen	8	static
../Core/Src/Lcd.c:3643:6:refresh_lcd	8	static
../Core/Src/Lcd.c:3686:6:display_server_failed_status	8	static
../Core/Src/Lcd.c:3696:6:display_server_wait	8	static
../Core/Src/Lcd.c:3704:6:display_data_writing	8	static
../Core/Src/Lcd.c:3712:6:display_data_writing_done	8	static
../Core/Src/Lcd.c:3722:6:HAL_GPIO_EXTI_Callback	0	static
