../Core/Src/Lcd.c:2452:13:convert_val_to_integer	0	static
../Core/Src/Lcd.c:2460:13:convert_val_to_decimal	0	static
../Core/Src/Lcd.c:289:9:unit_is_integer	0	static
../Core/Src/Lcd.c:294:23:get_index_table	8	static
../Core/Src/Lcd.c:300:6:check_calib_fact_change	40	static
../Core/Src/Lcd.c:329:6:calib_factors_hv_write	24	static
../Core/Src/Lcd.c:421:6:verify_tcp_rs485_conf	8	static
../Core/Src/Lcd.c:436:6:dac_config	16	static
../Core/Src/Lcd.c:442:6:Validate_Time_String	4	static
../Core/Src/Lcd.c:461:6:IsLeapYear	0	static
../Core/Src/Lcd.c:467:6:Validate_Date_String	32	static
../Core/Src/Lcd.c:507:9:Get_RTC_WeekDay	8	static
../Core/Src/Lcd.c:534:6:config_rtc	40	static
../Core/Src/Lcd.c:607:6:copy_temp_to_saved_values	8	static
../Core/Src/Lcd.c:589:6:set_configuration	8	static
../Core/Src/Lcd.c:650:6:copy_saved_values_to_temp	48	static
../Core/Src/Lcd.c:1253:6:increment_digit_at_position	0	static
../Core/Src/Lcd.c:1265:6:decrement_digit_at_position	0	static
../Core/Src/Lcd.c:1277:6:load_all_factors	4	static
../Core/Src/Lcd.c:2361:6:getbaudrate_print	0	static
../Core/Src/Lcd.c:2468:6:select_rtc_format_val	8	static
../Core/Src/Lcd.c:2624:6:GetUnitString_print	0	static
../Core/Src/Lcd.c:2705:6:select_lcd_screen	0	static
../Core/Src/Lcd.c:2847:6:build_password_string	0	static
../Core/Src/Lcd.c:3126:6:check_switch_status	8	static
../Core/Src/Lcd.c:3250:6:LCD_SetData	16	static
../Core/Src/Lcd.c:3330:6:LCD_EnablePulse	8	static
../Core/Src/Lcd.c:3262:6:LCD_WriteCmd	16	static
../Core/Src/Lcd.c:3304:6:lcd_set_cursor	8	static
../Core/Src/Lcd.c:2898:6:pwd_sw4_next_digit	8	static
../Core/Src/Lcd.c:3311:6:lcd_cursor_on	8	static
../Core/Src/Lcd.c:723:6:select_hv_val	8	static
../Core/Src/Lcd.c:1573:6:select_4_20_cal_format_val	8	static
../Core/Src/Lcd.c:2496:6:select_alarm_format_val	32	static
../Core/Src/Lcd.c:3315:6:lcd_cursor_off	8	static
../Core/Src/Lcd.c:3325:6:lcd_clear	8	static
../Core/Src/Lcd.c:1048:6:lcd_calibration_menu_init	8	static
../Core/Src/Lcd.c:3281:6:lcd_init	8	static
../Core/Src/Lcd.c:3272:6:lcd_print_char	16	static
../Core/Src/Lcd.c:1285:6:lcd_print_int	16	static
../Core/Src/Lcd.c:2873:6:lcd_update_pwd_digit	8	static
../Core/Src/Lcd.c:2882:6:pwd_sw1_increment	8	static
../Core/Src/Lcd.c:2888:6:pwd_sw2_decrement	8	static
../Core/Src/Lcd.c:3319:6:lcd_print	8	static
../Core/Src/Lcd.c:762:6:lcd_freq_dtc_screen_init	8	static
../Core/Src/Lcd.c:771:6:lcd_freq_dtc_screen	8	static
../Core/Src/Lcd.c:807:6:lcd_freq_recv_screen_init	8	static
../Core/Src/Lcd.c:816:6:lcd_freq_recv_screen	8	static
../Core/Src/Lcd.c:852:6:lcd_read_sd_data_init	8	static
../Core/Src/Lcd.c:861:6:lcd_read_sd_data	8	static
../Core/Src/Lcd.c:897:6:lcd_audio_mode_screen_init	8	static
../Core/Src/Lcd.c:906:6:lcd_audio_mode_screen	8	static
../Core/Src/Lcd.c:942:6:lcd_hv_write_screen_init	8	static
../Core/Src/Lcd.c:954:6:lcd_hv_write	8	static
../Core/Src/Lcd.c:985:6:lcd_hv_read_screen_init	8	static
../Core/Src/Lcd.c:993:6:lcd_hv_read	32	static
../Core/Src/Lcd.c:1150:6:lcd_factor_edit_screen_init	8	static
../Core/Src/Lcd.c:1058:6:lcd_calibration_menu_screen	8	static
../Core/Src/Lcd.c:1171:6:lcd_factor_edit_screen	8	static
../Core/Src/Lcd.c:1231:6:lcd_calibration_screen	8	static
../Core/Src/Lcd.c:1298:6:lcd_save_setting_screen_init	8	static
../Core/Src/Lcd.c:1307:6:lcd_save_setting_screen	8	static
../Core/Src/Lcd.c:1359:6:lcd_modify_password_screen_init	8	static
../Core/Src/Lcd.c:1395:6:lcd_overrange_screen_init	8	static
../Core/Src/Lcd.c:1407:6:lcd_overrange_screen	8	static
../Core/Src/Lcd.c:1444:6:lcd_overload_screen_init	8	static
../Core/Src/Lcd.c:1456:6:lcd_overload_screen	8	static
../Core/Src/Lcd.c:1493:6:lcd_4_20_max_cal_screen_init	8	static
../Core/Src/Lcd.c:1504:6:lcd_4_20_max_cal_screen	8	static
../Core/Src/Lcd.c:1533:6:lcd_4_20_min_cal_screen_init	8	static
../Core/Src/Lcd.c:1544:6:lcd_4_20_min_cal_screen	8	static
../Core/Src/Lcd.c:1612:6:lcd_4_20_min_screen_init	8	static
../Core/Src/Lcd.c:1624:6:lcd_4_20_min_screen	8	static
../Core/Src/Lcd.c:1661:6:lcd_4_20_max_screen_init	8	static
../Core/Src/Lcd.c:1673:6:lcd_4_20_max_screen	8	static
../Core/Src/Lcd.c:1710:6:lcd_agm_mode_screen_init	8	static
../Core/Src/Lcd.c:1719:6:lcd_agm_mode_screen	8	static
../Core/Src/Lcd.c:1763:6:select_value	8	static
../Core/Src/Lcd.c:1369:6:lcd_modify_password_screen	8	static
../Core/Src/Lcd.c:1807:6:select_ip_value	8	static
../Core/Src/Lcd.c:1847:6:lcd_ip_edit_screen	16	static
../Core/Src/Lcd.c:1906:6:lcd_numeric_edit_screen	16	static
../Core/Src/Lcd.c:1955:6:lcd_ethernet_screen_init	8	static
../Core/Src/Lcd.c:1965:6:eth_menu_screen	8	static
../Core/Src/Lcd.c:2031:6:lcd_ethernet_screen	8	static
../Core/Src/Lcd.c:2061:6:rtc_menu_screen_init	8	static
../Core/Src/Lcd.c:2070:6:rtc_menu_screen	8	static
../Core/Src/Lcd.c:2130:6:lcd_rtc_date_screen_init	8	static
../Core/Src/Lcd.c:2142:6:rtc_date_screen	8	static
../Core/Src/Lcd.c:2181:6:lcd_rtc_time_screen_init	8	static
../Core/Src/Lcd.c:2193:6:rtc_time_screen	8	static
../Core/Src/Lcd.c:2231:6:lcd_rtc_screen	8	static
../Core/Src/Lcd.c:2247:6:rs485_menu_screen_init	8	static
../Core/Src/Lcd.c:2256:6:rs485_menu_screen	8	static
../Core/Src/Lcd.c:2316:6:rs485_slave_id_screen	8	static
../Core/Src/Lcd.c:2352:6:rs485_baud_rate_screen_init	8	static
../Core/Src/Lcd.c:2376:6:rs485_baud_rate_screen	8	static
../Core/Src/Lcd.c:2436:6:lcd_rs485_screen	8	static
../Core/Src/Lcd.c:2570:6:lcd_alarm_screen_init	8	static
../Core/Src/Lcd.c:2582:6:lcd_alarm_screen	16	static
../Core/Src/Lcd.c:2615:6:lcd_unit_screen_init	8	static
../Core/Src/Lcd.c:2635:6:lcd_unit_screen	8	static
../Core/Src/Lcd.c:2694:6:lcd_setup_menu_screen_init	8	static
../Core/Src/Lcd.c:2734:6:lcd_setup_menu_screen	8	static
../Core/Src/Lcd.c:2820:6:verify_password	8	static
../Core/Src/Lcd.c:2856:6:lcd_password_screen_init	8	static
../Core/Src/Lcd.c:2904:6:lcd_password_screen	8	static
../Core/Src/Lcd.c:2947:6:lcd_home_screen_init	8	static
../Core/Src/Lcd.c:2960:6:lcd_home_screen_update	72	static
../Core/Src/Lcd.c:3086:6:lcd_home_screen	16	static
../Core/Src/Lcd.c:3168:6:system_lcd_screen	8	static
../Core/Src/Lcd.c:3339:6:HAL_GPIO_EXTI_Callback	0	static
../Core/Src/Lcd.c:3352:6:refresh_lcd	8	static
