../Core/Src/main.c:1198:6:MPU_Config	24	static
../Core/Src/main.c:997:13:MX_GPIO_Init	72	static
../Core/Src/main.c:970:13:MX_DMA_Init	16	static
../Core/Src/main.c:131:6:check_sw5_status	8	static
../Core/Src/main.c:1135:6:HAL_TIM_IC_CaptureCallback	0	static
../Core/Src/main.c:1167:6:HAL_RTCEx_WakeUpTimerEventCallback	0	static
../Core/Src/main.c:1180:6:HAL_TIM_PeriodElapsedCallback	8	static
../Core/Src/main.c:1229:6:Error_Handler	0	static,ignoring_inline_asm
../Core/Src/main.c:876:13:MX_UART8_Init	8	static
../Core/Src/main.c:924:13:MX_USART2_UART_Init	8	static
../Core/Src/main.c:462:13:MX_I2C4_Init	8	static
../Core/Src/main.c:629:13:MX_SPI3_Init	8	static
../Core/Src/main.c:677:13:MX_SPI4_Init	8	static
../Core/Src/main.c:725:13:MX_TIM3_Init	56	static
../Core/Src/main.c:783:13:MX_TIM4_Init	40	static
../Core/Src/main.c:419:13:MX_DAC1_Init	48	static
../Core/Src/main.c:510:13:MX_RTC_Init	32	static
../Core/Src/main.c:828:13:MX_UART7_Init	8	static
../Core/Src/main.c:581:13:MX_SPI1_Init	8	static
../Core/Src/main.c:327:6:SystemClock_Config	120	static
../Core/Src/main.c:392:6:PeriphCommonClock_Config	200	static
../Core/Src/main.c:1140:6:RTC_SetDefaultTimeDate	32	static
../Core/Src/main.c:148:5:main	8	static
