../Core/Src/main.c:1193:6:MPU_Config	1
../Core/Src/main.c:992:13:MX_GPIO_Init	1
../Core/Src/main.c:965:13:MX_DMA_Init	1
../Core/Src/main.c:131:6:check_sw5_status	3
../Core/Src/main.c:1130:6:HAL_TIM_IC_CaptureCallback	1
../Core/Src/main.c:1162:6:HAL_RTCEx_WakeUpTimerEventCallback	1
../Core/Src/main.c:1175:6:HAL_TIM_PeriodElapsedCallback	3
../Core/Src/main.c:1224:6:Error_Handler	1
../Core/Src/main.c:871:13:MX_UART8_Init	1
../Core/Src/main.c:919:13:MX_USART2_UART_Init	1
../Core/Src/main.c:457:13:MX_I2C4_Init	1
../Core/Src/main.c:624:13:MX_SPI3_Init	1
../Core/Src/main.c:672:13:MX_SPI4_Init	1
../Core/Src/main.c:720:13:MX_TIM3_Init	1
../Core/Src/main.c:778:13:MX_TIM4_Init	1
../Core/Src/main.c:414:13:MX_DAC1_Init	1
../Core/Src/main.c:505:13:MX_RTC_Init	2
../Core/Src/main.c:823:13:MX_UART7_Init	1
../Core/Src/main.c:576:13:MX_SPI1_Init	1
../Core/Src/main.c:322:6:SystemClock_Config	2
../Core/Src/main.c:387:6:PeriphCommonClock_Config	1
../Core/Src/main.c:1135:6:RTC_SetDefaultTimeDate	1
../Core/Src/main.c:148:5:main	7
