../Core/Src/main.c:1141:6:MPU_Config	1
../Core/Src/main.c:953:13:MX_GPIO_Init	1
../Core/Src/main.c:926:13:MX_DMA_Init	1
../Core/Src/main.c:125:6:check_sw5_status	3
../Core/Src/main.c:1112:6:HAL_RTCEx_WakeUpTimerEventCallback	1
../Core/Src/main.c:1123:6:HAL_TIM_PeriodElapsedCallback	3
../Core/Src/main.c:1172:6:Error_Handler	1
../Core/Src/main.c:832:13:MX_UART8_Init	1
../Core/Src/main.c:880:13:MX_USART2_UART_Init	1
../Core/Src/main.c:431:13:MX_I2C4_Init	1
../Core/Src/main.c:598:13:MX_SPI3_Init	1
../Core/Src/main.c:646:13:MX_SPI4_Init	1
../Core/Src/main.c:694:13:MX_TIM3_Init	1
../Core/Src/main.c:739:13:MX_TIM4_Init	1
../Core/Src/main.c:388:13:MX_DAC1_Init	1
../Core/Src/main.c:479:13:MX_RTC_Init	2
../Core/Src/main.c:784:13:MX_UART7_Init	1
../Core/Src/main.c:550:13:MX_SPI1_Init	1
../Core/Src/main.c:296:6:SystemClock_Config	2
../Core/Src/main.c:361:6:PeriphCommonClock_Config	1
../Core/Src/main.c:1085:6:RTC_SetDefaultTimeDate	1
../Core/Src/main.c:142:5:main	5
