../Core/Src/modbus.c:556:13:modbus_val_to_str	24	static
../Core/Src/modbus.c:63:6:HAL_UARTEx_RxEventCallback	0	static
../Core/Src/modbus.c:78:6:HAL_UART_TxCpltCallback	8	static
../Core/Src/modbus.c:111:6:initialize_modbus_registers	4	static
../Core/Src/modbus.c:137:6:config_CalibFactors_Variables	8	static
../Core/Src/modbus.c:184:8:convert_cps_to_mr_h	56	static
../Core/Src/modbus.c:93:6:update_cps_hv_mr	8	static
../Core/Src/modbus.c:218:6:Update_Registers	56	static
../Core/Src/modbus.c:334:6:config_modbus_registers	80	static
../Core/Src/modbus.c:603:6:cpy_4_20mA_factors_eeprom_reg	0	static
../Core/Src/modbus.c:718:6:is_reconfigure_rs485_tcp	0	static
../Core/Src/modbus.c:735:6:is_reconfigure_rs485_tcp_pc	0	static
../Core/Src/modbus.c:754:6:is_sd_card_read_rs485	0	static
../Core/Src/modbus.c:766:6:is_sd_card_read_tcp	0	static
../Core/Src/modbus.c:778:6:is_reconfigure_hv_rs485	4	static
../Core/Src/modbus.c:874:6:is_reconfigure_tcp_rs485	0	static
../Core/Src/modbus.c:893:6:is_reconfigure_hv_tcp	4	static
../Core/Src/modbus.c:1001:6:read_e4_20ma_CalibVal	32	static
../Core/Src/modbus.c:593:6:e4_20mA_calib	8	static
../Core/Src/modbus.c:1025:6:read_e4_20mA_factors	0	static
../Core/Src/modbus.c:1037:6:update_detector_hv_register_rs485	0	static
../Core/Src/modbus.c:1043:6:update_detector_calib_registers_rs485	0	static
../Core/Src/modbus.c:1051:6:update_detector_hv_register_tcp	0	static
../Core/Src/modbus.c:1057:6:update_detector_calib_registers_tcp	0	static
../Core/Src/modbus.c:1065:5:GetBaudRate	0	static
../Core/Src/modbus.c:410:6:config_variables	48	static
../Core/Src/modbus.c:989:6:Reconfigure_RS485	8	static
../Core/Src/modbus.c:579:6:conf_rs485_tcp	8	static
../Core/Src/modbus.c:1090:6:Validate_Date_RS485_Registers	32	static
../Core/Src/modbus.c:1113:6:Validate_Time_RS485_Registers	0	static
../Core/Src/modbus.c:616:6:is_reconfigure_rtc_rs485	40	static
../Core/Src/modbus.c:667:6:is_reconfigure_rtc_tcp	40	static
../Core/Src/modbus.c:1127:6:update_rtc_registers	40	static
../Core/Src/modbus.c:1160:6:Fill_Record	0	static
../Core/Src/modbus.c:1179:10:Modbus_CRC16	4	static
../Core/Src/modbus.c:1196:6:HAL_UART_ErrorCallback	0	static
