../Core/Src/modbus.c:126:15:register_to_factor	0	static
../Core/Src/modbus.c:657:13:modbus_val_to_str	8	static
../Core/Src/modbus.c:83:6:HAL_UARTEx_RxEventCallback	0	static
../Core/Src/modbus.c:166:6:initialize_modbus_registers	8	static
../Core/Src/modbus.c:206:6:config_CalibFactors_Variables	8	static
../Core/Src/modbus.c:223:8:convert_cps_to_ur_h	0	static
../Core/Src/modbus.c:131:6:update_cps_hv_mr	8	static
../Core/Src/modbus.c:263:6:Update_Registers	40	static
../Core/Src/modbus.c:398:6:config_modbus_registers	88	static
../Core/Src/modbus.c:721:6:cpy_4_20mA_factors_eeprom_reg	0	static
../Core/Src/modbus.c:836:6:is_reconfigure_rs485_tcp	0	static
../Core/Src/modbus.c:859:6:is_reconfigure_rs485_tcp_pc	0	static
../Core/Src/modbus.c:883:6:is_sd_card_read_rs485	0	static
../Core/Src/modbus.c:895:6:is_sd_card_read_tcp	0	static
../Core/Src/modbus.c:907:6:check_ack_and_reset_rs485	0	static
../Core/Src/modbus.c:920:6:is_reconfigure_hv_rs485	4	static
../Core/Src/modbus.c:1044:6:is_reconfigure_tcp_rs485	0	static
../Core/Src/modbus.c:1063:6:check_ack_and_reset_tcp	0	static
../Core/Src/modbus.c:1076:6:is_reconfigure_hv_tcp	4	static
../Core/Src/modbus.c:1212:6:read_e4_20ma_CalibVal	32	static
../Core/Src/modbus.c:711:6:e4_20mA_calib	8	static
../Core/Src/modbus.c:1236:6:read_e4_20mA_factors	0	static
../Core/Src/modbus.c:1248:6:update_detector_hv_register_rs485	0	static
../Core/Src/modbus.c:1254:6:update_detector_calib_registers_rs485	0	static
../Core/Src/modbus.c:1262:6:update_detector_hv_register_tcp	0	static
../Core/Src/modbus.c:1268:6:update_detector_calib_registers_tcp	0	static
../Core/Src/modbus.c:1276:5:GetBaudRate	0	static
../Core/Src/modbus.c:482:6:config_variables	48	static
../Core/Src/modbus.c:1200:6:Reconfigure_RS485	8	static
../Core/Src/modbus.c:691:6:conf_rs485_tcp	8	static
../Core/Src/modbus.c:1301:6:Validate_Date_RS485_Registers	32	static
../Core/Src/modbus.c:1324:6:Validate_Time_RS485_Registers	0	static
../Core/Src/modbus.c:734:6:is_reconfigure_rtc_rs485	40	static
../Core/Src/modbus.c:785:6:is_reconfigure_rtc_tcp	40	static
../Core/Src/modbus.c:1338:6:update_rtc_registers	40	static
../Core/Src/modbus.c:1366:6:Fill_Record	0	static
../Core/Src/modbus.c:1391:6:Modbus_Check_Ack	0	static
../Core/Src/modbus.c:1479:6:Modbus_Restart_RX_DMA_PC_SD	8	static
../Core/Src/modbus.c:104:6:HAL_UART_TxCpltCallback	8	static
../Core/Src/modbus.c:1488:7:get_float_from_regs	0	static
../Core/Src/modbus.c:1494:6:validate_ip	0	static
../Core/Src/modbus.c:1512:6:validate_gateway	0	static
../Core/Src/modbus.c:1526:6:validate_subnet	0	static
../Core/Src/modbus.c:1552:6:validate_port	0	static
../Core/Src/modbus.c:1557:6:validate_modbus_write_rs485	8	static
../Core/Src/modbus.c:1772:6:validate_modbus_write_tcp	8	static
../Core/Src/modbus.c:1990:6:validate_modbus_write	16	static
../Core/Src/modbus.c:2215:10:Modbus_CRC16	4	static
../Core/Src/modbus.c:1446:6:Modbus_FC_10_sd_rs485	16	static
../Core/Src/modbus.c:1405:6:Modbus_Send_Record_And_WaitAck	8	static
../Core/Src/modbus.c:2232:6:HAL_UART_ErrorCallback	0	static
