../Core/Src/modbus.c:125:15:register_to_factor	0	static
../Core/Src/modbus.c:651:13:modbus_val_to_str	24	static
../Core/Src/modbus.c:82:6:HAL_UARTEx_RxEventCallback	0	static
../Core/Src/modbus.c:165:6:initialize_modbus_registers	8	static
../Core/Src/modbus.c:205:6:config_CalibFactors_Variables	8	static
../Core/Src/modbus.c:222:8:convert_cps_to_mr_h	0	static
../Core/Src/modbus.c:130:6:update_cps_hv_mr	8	static
../Core/Src/modbus.c:261:6:Update_Registers	56	static
../Core/Src/modbus.c:392:6:config_modbus_registers	88	static
../Core/Src/modbus.c:704:6:cpy_4_20mA_factors_eeprom_reg	0	static
../Core/Src/modbus.c:819:6:is_reconfigure_rs485_tcp	0	static
../Core/Src/modbus.c:842:6:is_reconfigure_rs485_tcp_pc	0	static
../Core/Src/modbus.c:866:6:is_sd_card_read_rs485	0	static
../Core/Src/modbus.c:878:6:is_sd_card_read_tcp	0	static
../Core/Src/modbus.c:890:6:check_ack_and_reset_rs485	0	static
../Core/Src/modbus.c:903:6:is_reconfigure_hv_rs485	4	static
../Core/Src/modbus.c:1027:6:is_reconfigure_tcp_rs485	0	static
../Core/Src/modbus.c:1046:6:check_ack_and_reset_tcp	0	static
../Core/Src/modbus.c:1059:6:is_reconfigure_hv_tcp	4	static
../Core/Src/modbus.c:1195:6:read_e4_20ma_CalibVal	32	static
../Core/Src/modbus.c:694:6:e4_20mA_calib	8	static
../Core/Src/modbus.c:1219:6:read_e4_20mA_factors	0	static
../Core/Src/modbus.c:1231:6:update_detector_hv_register_rs485	0	static
../Core/Src/modbus.c:1237:6:update_detector_calib_registers_rs485	0	static
../Core/Src/modbus.c:1245:6:update_detector_hv_register_tcp	0	static
../Core/Src/modbus.c:1251:6:update_detector_calib_registers_tcp	0	static
../Core/Src/modbus.c:1259:5:GetBaudRate	0	static
../Core/Src/modbus.c:476:6:config_variables	48	static
../Core/Src/modbus.c:1183:6:Reconfigure_RS485	8	static
../Core/Src/modbus.c:674:6:conf_rs485_tcp	8	static
../Core/Src/modbus.c:1284:6:Validate_Date_RS485_Registers	32	static
../Core/Src/modbus.c:1307:6:Validate_Time_RS485_Registers	0	static
../Core/Src/modbus.c:717:6:is_reconfigure_rtc_rs485	40	static
../Core/Src/modbus.c:768:6:is_reconfigure_rtc_tcp	40	static
../Core/Src/modbus.c:1321:6:update_rtc_registers	40	static
../Core/Src/modbus.c:1349:6:Fill_Record	0	static
../Core/Src/modbus.c:1374:6:Modbus_Check_Ack	0	static
../Core/Src/modbus.c:1462:6:Modbus_Restart_RX_DMA_PC_SD	8	static
../Core/Src/modbus.c:103:6:HAL_UART_TxCpltCallback	8	static
../Core/Src/modbus.c:1471:7:get_float_from_regs	0	static
../Core/Src/modbus.c:1477:6:validate_ip	0	static
../Core/Src/modbus.c:1495:6:validate_gateway	0	static
../Core/Src/modbus.c:1509:6:validate_subnet	0	static
../Core/Src/modbus.c:1535:6:validate_port	0	static
../Core/Src/modbus.c:1540:6:validate_modbus_write_rs485	8	static
../Core/Src/modbus.c:1757:6:validate_modbus_write_tcp	8	static
../Core/Src/modbus.c:1975:6:validate_modbus_write	16	static
../Core/Src/modbus.c:2200:10:Modbus_CRC16	4	static
../Core/Src/modbus.c:1429:6:Modbus_FC_10_sd_rs485	16	static
../Core/Src/modbus.c:1388:6:Modbus_Send_Record_And_WaitAck	8	static
../Core/Src/modbus.c:2217:6:HAL_UART_ErrorCallback	0	static
