../Core/Src/stm32h7xx_it.c:77:6:NMI_Handler	0	static
../Core/Src/stm32h7xx_it.c:92:6:HardFault_Handler	0	static
../Core/Src/stm32h7xx_it.c:107:6:MemManage_Handler	0	static
../Core/Src/stm32h7xx_it.c:122:6:BusFault_Handler	0	static
../Core/Src/stm32h7xx_it.c:137:6:UsageFault_Handler	0	static
../Core/Src/stm32h7xx_it.c:152:6:SVC_Handler	0	static
../Core/Src/stm32h7xx_it.c:165:6:DebugMon_Handler	0	static
../Core/Src/stm32h7xx_it.c:178:6:PendSV_Handler	0	static
../Core/Src/stm32h7xx_it.c:191:6:SysTick_Handler	8	static
../Core/Src/stm32h7xx_it.c:212:6:RTC_WKUP_IRQHandler	8	static
../Core/Src/stm32h7xx_it.c:226:6:RCC_IRQHandler	0	static
../Core/Src/stm32h7xx_it.c:239:6:DMA1_Stream0_IRQHandler	8	static
../Core/Src/stm32h7xx_it.c:253:6:DMA1_Stream1_IRQHandler	8	static
../Core/Src/stm32h7xx_it.c:267:6:DMA1_Stream2_IRQHandler	8	static
../Core/Src/stm32h7xx_it.c:281:6:DMA1_Stream3_IRQHandler	8	static
../Core/Src/stm32h7xx_it.c:295:6:EXTI9_5_IRQHandler	8	static
../Core/Src/stm32h7xx_it.c:310:6:TIM3_IRQHandler	8	static
../Core/Src/stm32h7xx_it.c:324:6:TIM4_IRQHandler	8	static
../Core/Src/stm32h7xx_it.c:338:6:USART2_IRQHandler	8	static
../Core/Src/stm32h7xx_it.c:352:6:UART8_IRQHandler	8	static
