../Drivers/Ethernet_W5500/tcp_server.c:43:6:modbus_tcp_server_init	8	static
../Drivers/Ethernet_W5500/tcp_server.c:67:9:w5500_send_exact	16	static
../Drivers/Ethernet_W5500/tcp_server.c:300:6:w5500_safe_close	8	static
../Drivers/Ethernet_W5500/tcp_server.c:320:6:modbus_tcp_server_restart	8	static
../Drivers/Ethernet_W5500/tcp_server.c:81:6:handle_fc03	16	static
../Drivers/Ethernet_W5500/tcp_server.c:133:6:handle_fc06	8	static
../Drivers/Ethernet_W5500/tcp_server.c:184:6:handle_fc10	16	static
../Drivers/Ethernet_W5500/tcp_server.c:242:13:modbus_handle_request	16	static
../Drivers/Ethernet_W5500/tcp_server.c:332:6:W5500_Apply_New_Settings	56	static
../Drivers/Ethernet_W5500/tcp_server.c:369:6:W5500_Link_Monitor	8	static
../Drivers/Ethernet_W5500/tcp_server.c:389:6:W5500_Network_Task	8	static
../Drivers/Ethernet_W5500/tcp_server.c:506:6:monitor_tcp_handle_write	24	static
../Drivers/Ethernet_W5500/tcp_server.c:438:6:W5500_Process_Interrupts	16	static
../Drivers/Ethernet_W5500/tcp_server.c:598:6:w5500_spi_alive	8	static
../Drivers/Ethernet_W5500/tcp_server.c:632:6:Reconfigure_TCP	8	static
../Drivers/Ethernet_W5500/tcp_server.c:665:6:W5500_Network_Alive	40	static
../Drivers/Ethernet_W5500/tcp_server.c:713:19:SPI3_ReInit	8	static
../Drivers/Ethernet_W5500/tcp_server.c:567:6:W5500_Health_Monitor	8	static
../Drivers/Ethernet_W5500/tcp_server.c:611:6:tcp_task	8	static
